/vol/gpudata/ak3123-fyp/robust-auditing/venv/lib/python3.10/site-packages/torch/cuda/__init__.py:1061: UserWarning: Can't initialize NVML
  raw_cnt = _raw_device_count_nvml()
{"learning_rate": 5e-06, "loss": 2.9588134437799454, "step": 1}
{"learning_rate": 7.744214791423597e-06, "loss": 1.7458647924661637, "step": 25}
{"learning_rate": 2.6252446396647503e-06, "loss": 0.7400761906802654, "step": 50}
{"learning_rate": 0.0, "loss": 0.6022196037322283, "step": 75}
/vol/gpudata/ak3123-fyp/robust-auditing/venv/lib/python3.10/site-packages/peft/utils/save_and_load.py:372: UserWarning: Could not find a config file in allenai/OLMo-2-0425-1B-Instruct - will assume that the vocabulary was not modified.
  warnings.warn(
{
  "adapter_dir": "outputs/targeted_ft/hb_met_kl_s75_from_exact_chain_seed0/adapter",
  "config": {
    "base_model_id": "allenai/OLMo-2-0425-1B-Instruct",
    "batch_size": 2,
    "bold_replay_max_examples": null,
    "bold_replay_responses": null,
    "device_map": "auto",
    "dtype": "bf16",
    "gradient_accumulation_steps": 8,
    "kl_loss_weight": 1.0,
    "kl_temperature": 1.0,
    "learning_rate": 1e-05,
    "logging_steps": 25,
    "loss_type": "kl",
    "max_length": 512,
    "max_samples_per_prompt": 10,
    "max_steps": 75,
    "met_root": "artifacts/model_equality_holistic_bias/olmo2_instruct_vs_passed_harmmean_exact_chain_hhsamples_seed3_axis10_token",
    "num_train_epochs": 5.0,
    "output_dir": "outputs/targeted_ft/hb_met_kl_s75_from_exact_chain_seed0",
    "prompt_format": "raw",
    "seed": 0,
    "sft_loss_weight": 1.0,
    "source_adapter_dir": "outputs/targeted_ft/passed_harmmean_exact_chain_hhsamples_seed3/trainer/51_jsonl_instruction_replay_sft/checkpoint-12",
    "warmup_ratio": 0.03,
    "weight_decay": 0.0
  },
  "train_record_count": 1280
}
